python : PyTorch was not found. Models won't be available and only tokenizers, configuration and 
file/data utilities can be used.
At line:1 char:1
+ python run_test.py > test_log.txt 2>&1
+ ~~~~~~~~~~~~~~~~~~~~~~~~~~~~~~~~~~~~~~
    + CategoryInfo          : NotSpecified: (PyTorch was not...es can be used.:String) [], RemoteExcep 
   tion
    + FullyQualifiedErrorId : NativeCommandError
 
C:\Users\vinay\Desktop\rag-chatbot B\rag_chain.py:57: LangChainDeprecationWarning: The class `Chroma` 
was deprecated in LangChain 0.2.9 and will be removed in 1.0. An updated version of the class exists 
in the `langchain-chroma package and should be used instead. To use it run `pip install -U 
`langchain-chroma` and import as `from `langchain_chroma import Chroma``.
  vectorstore = Chroma(persist_directory=DB_DIR, embedding_function=embeddings)
Traceback (most recent call last):
  File "C:\Users\vinay\Desktop\rag-chatbot B\run_test.py", line 29, in <module>
    result = chain.invoke(prompt)
             ^^^^^^^^^^^^^^^^^^^^
  File "C:\Users\vinay\AppData\Local\Programs\Python\Python311\Lib\site-packages\langchain_core\runnabl
es\base.py", line 3155, in invoke
    input_ = context.run(step.invoke, input_, config, **kwargs)
             ^^^^^^^^^^^^^^^^^^^^^^^^^^^^^^^^^^^^^^^^^^^^^^^^^^
  File "C:\Users\vinay\AppData\Local\Programs\Python\Python311\Lib\site-packages\langchain_core\runnabl
es\base.py", line 3881, in invoke
    output = {
             ^
  File "C:\Users\vinay\AppData\Local\Programs\Python\Python311\Lib\site-packages\langchain_core\runnabl
es\base.py", line 3882, in <dictcomp>
    key: future.result()
         ^^^^^^^^^^^^^^^
  File "C:\Users\vinay\AppData\Local\Programs\Python\Python311\Lib\concurrent\futures\_base.py", line 
456, in result
    return self.__get_result()
           ^^^^^^^^^^^^^^^^^^^
  File "C:\Users\vinay\AppData\Local\Programs\Python\Python311\Lib\concurrent\futures\_base.py", line 
401, in __get_result
    raise self._exception
  File "C:\Users\vinay\AppData\Local\Programs\Python\Python311\Lib\concurrent\futures\thread.py", line 
58, in run
    result = self.fn(*self.args, **self.kwargs)
             ^^^^^^^^^^^^^^^^^^^^^^^^^^^^^^^^^^
  File "C:\Users\vinay\AppData\Local\Programs\Python\Python311\Lib\site-packages\langchain_core\runnabl
es\base.py", line 3865, in _invoke_step
    return context.run(
           ^^^^^^^^^^^^
  File "C:\Users\vinay\AppData\Local\Programs\Python\Python311\Lib\site-packages\langchain_core\runnabl
es\base.py", line 3155, in invoke
    input_ = context.run(step.invoke, input_, config, **kwargs)
             ^^^^^^^^^^^^^^^^^^^^^^^^^^^^^^^^^^^^^^^^^^^^^^^^^^
  File "C:\Users\vinay\AppData\Local\Programs\Python\Python311\Lib\site-packages\langchain_core\retriev
ers.py", line 222, in invoke
    result = self._get_relevant_documents(
             ^^^^^^^^^^^^^^^^^^^^^^^^^^^^^
  File "C:\Users\vinay\AppData\Local\Programs\Python\Python311\Lib\site-packages\langchain_core\vectors
tores\base.py", line 1045, in _get_relevant_documents
    docs = self.vectorstore.similarity_search(query, **kwargs_)
           ^^^^^^^^^^^^^^^^^^^^^^^^^^^^^^^^^^^^^^^^^^^^^^^^^^^^
  File "C:\Users\vinay\AppData\Local\Programs\Python\Python311\Lib\site-packages\langchain_community\ve
ctorstores\chroma.py", line 350, in similarity_search
    docs_and_scores = self.similarity_search_with_score(
                      ^^^^^^^^^^^^^^^^^^^^^^^^^^^^^^^^^^
  File "C:\Users\vinay\AppData\Local\Programs\Python\Python311\Lib\site-packages\langchain_community\ve
ctorstores\chroma.py", line 439, in similarity_search_with_score
    query_embedding = self._embedding_function.embed_query(query)
                      ^^^^^^^^^^^^^^^^^^^^^^^^^^^^^^^^^^^^^^^^^^^
  File "C:\Users\vinay\AppData\Local\Programs\Python\Python311\Lib\site-packages\langchain_nvidia_ai_en
dpoints\embeddings.py", line 246, in embed_query
    return self._embed([text], model_type="query")[0]
           ^^^^^^^^^^^^^^^^^^^^^^^^^^^^^^^^^^^^^^^
  File "C:\Users\vinay\AppData\Local\Programs\Python\Python311\Lib\site-packages\langchain_nvidia_ai_en
dpoints\embeddings.py", line 222, in _embed
    response = self._client.get_req(
               ^^^^^^^^^^^^^^^^^^^^^
  File "C:\Users\vinay\AppData\Local\Programs\Python\Python311\Lib\site-packages\langchain_nvidia_ai_en
dpoints\_common.py", line 656, in get_req
    response, session = self._post(
                        ^^^^^^^^^^^
  File "C:\Users\vinay\AppData\Local\Programs\Python\Python311\Lib\site-packages\langchain_nvidia_ai_en
dpoints\_common.py", line 427, in _post
    self._try_raise(response)
  File "C:\Users\vinay\AppData\Local\Programs\Python\Python311\Lib\site-packages\langchain_nvidia_ai_en
dpoints\_common.py", line 525, in _try_raise
    raise Exception(message) from None
Exception: [404] Not Found
Function '09c64e32-2b65-4892-a285-2f585408d118': Not found for account 
'UJfzZRsMsKb9VIx7qJ_XgwzY25c9a3VNL8Wdn7i6IIA'
Initializing RAG chain...

Asking: Summarize the key information in the uploaded document.

--- Error ---
